1790449954 rss_kb=64560 running 1876 500000 331.1 64 0
1790449959 rss_kb=64672 running 4963 500000 463.17 64 0
1790449964 rss_kb=64672 running 8198 500000 520.34 64 0
1790449969 rss_kb=64736 running 10776 500000 518.28 64 0
1790449974 rss_kb=64896 running 13337 500000 516.31 64 0
1790449979 rss_kb=65024 running 15955 500000 516.8 64 0
1790449984 rss_kb=65024 running 19020 500000 529.6 64 0
1790449989 rss_kb=65024 running 22354 500000 545.87 64 0
1790449994 rss_kb=65088 running 25387 500000 552.03 64 0
1790449999 rss_kb=65088 running 28605 500000 560.53 64 0
1790450004 rss_kb=65088 running 31895 500000 568.85 64 0
1790450009 rss_kb=65168 running 34316 500000 561.55 64 0
1790450014 rss_kb=65168 running 37042 500000 559.96 64 0
1790450019 rss_kb=44592 running 39892 500000 560.32 64 0
1790450024 rss_kb=45328 running 42274 500000 554.46 64 0
1790450029 rss_kb=58912 running 45382 500000 558.31 64 0
1790450034 rss_kb=58944 running 47652 500000 552.0 64 0
1790450039 rss_kb=58960 running 50769 500000 555.67 64 0
1790450044 rss_kb=58960 running 53879 500000 558.89 64 0
1790450049 rss_kb=58960 running 57057 500000 562.43 64 0
1790450055 rss_kb=58976 running 59853 500000 562.02 64 0
1790450060 rss_kb=58992 running 62885 500000 563.78 64 0
1790450065 rss_kb=59008 running 65999 500000 566.11 64 0
1790450070 rss_kb=59008 running 69320 500000 569.95 64 0
1790450075 rss_kb=59008 running 72620 500000 573.34 64 0
1790450080 rss_kb=59072 running 75708 500000 574.81 64 0
1790450085 rss_kb=59072 running 78745 500000 575.82 64 0
1790450090 rss_kb=59088 running 82111 500000 579.09 64 0
1790450095 rss_kb=59056 running 85051 500000 579.23 64 0
1790450100 rss_kb=59056 running 88081 500000 579.93 64 0
1790450105 rss_kb=59056 running 91293 500000 581.74 64 0
1790450110 rss_kb=59056 running 94575 500000 583.86 64 0
1790450115 rss_kb=59072 running 96893 500000 580.08 64 0
1790450120 rss_kb=59088 running 99901 500000 580.56 64 0
1790450125 rss_kb=59088 running 102997 500000 581.52 64 0
1790450130 rss_kb=59088 running 105957 500000 581.67 64 0
1790450135 rss_kb=59088 running 108654 500000 580.35 64 0
1790450140 rss_kb=59088 running 111952 500000 582.26 64 0
1790450145 rss_kb=59104 running 114777 500000 581.69 64 0
1790450150 rss_kb=59104 running 117552 500000 580.91 64 0
1790450155 rss_kb=59168 running 119606 500000 576.67 64 0
1790450160 rss_kb=59168 running 121980 500000 574.16 64 0
1790450166 rss_kb=59168 running 125095 500000 575.18 64 0
1790450171 rss_kb=59168 running 127828 500000 574.43 64 0
1790450176 rss_kb=59200 running 130997 500000 575.64 64 0
1790450181 rss_kb=59200 running 134086 500000 576.44 64 0
1790450186 rss_kb=59232 running 137311 500000 577.79 64 0
1790450191 rss_kb=59232 running 140040 500000 577.04 64 0
1790450196 rss_kb=59232 running 143322 500000 578.55 64 0
1790450201 rss_kb=59232 running 146405 500000 579.22 64 0
1790450206 rss_kb=59248 running 149426 500000 579.61 64 0
1790450211 rss_kb=59248 running 152540 500000 580.34 64 0
1790450216 rss_kb=59248 running 155732 500000 581.32 64 0
1790450221 rss_kb=59248 running 157907 500000 578.57 64 0
1790450226 rss_kb=59248 running 160828 500000 578.57 64 0
1790450231 rss_kb=59248 running 163039 500000 576.07 64 0
1790450236 rss_kb=59264 running 165330 500000 573.94 64 0
1790450241 rss_kb=59264 running 168468 500000 574.78 64 0
1790450246 rss_kb=59264 running 171756 500000 576.1 64 0
1790450251 rss_kb=59264 running 174909 500000 576.93 64 0
1790450256 rss_kb=59264 running 177467 500000 575.79 64 0
1790450261 rss_kb=59280 running 180263 500000 575.45 64 0
1790450266 rss_kb=59280 running 183307 500000 575.9 64 0
1790450271 rss_kb=59280 running 186416 500000 576.54 64 0
1790450276 rss_kb=59280 running 189529 500000 577.17 64 0
1790450281 rss_kb=59280 running 192501 500000 577.37 64 0
1790450286 rss_kb=59280 running 195014 500000 576.2 64 0
1790450291 rss_kb=59296 running 197869 500000 576.05 64 0
1790450296 rss_kb=59296 running 201016 500000 576.75 64 0
1790450302 rss_kb=59296 running 204321 500000 577.88 64 0
1790450307 rss_kb=59296 running 207589 500000 578.87 64 0
1790450312 rss_kb=59296 running 210811 500000 579.7 64 0
1790450317 rss_kb=59312 running 214132 500000 580.78 64 0
1790450322 rss_kb=59312 running 217192 500000 581.13 64 0
1790450327 rss_kb=59312 running 219630 500000 579.83 64 0
1790450332 rss_kb=59312 running 222874 500000 580.68 64 0
1790450337 rss_kb=59312 running 226209 500000 581.71 64 0
1790450342 rss_kb=59328 running 229438 500000 582.47 64 0
1790450347 rss_kb=59312 running 232453 500000 582.66 64 0
1790450352 rss_kb=59312 running 234759 500000 581.1 64 0
1790450357 rss_kb=59312 running 238008 500000 581.88 64 0
1790450362 rss_kb=59312 running 241315 500000 582.79 64 0
1790450367 rss_kb=59312 running 244355 500000 583.03 64 0
1790450372 rss_kb=59328 running 247625 500000 583.81 64 0
1790450377 rss_kb=59328 running 250982 500000 584.78 64 0
1790450382 rss_kb=59328 running 254315 500000 585.66 64 0
1790450387 rss_kb=59424 running 256400 500000 583.67 64 0
1790450392 rss_kb=59440 running 259055 500000 583.02 64 0
1790450397 rss_kb=59440 running 261822 500000 582.63 64 0
1790450402 rss_kb=59472 running 264402 500000 581.84 64 0
1790450407 rss_kb=59472 running 267000 500000 581.11 64 0
1790450412 rss_kb=59472 running 270024 500000 581.3 64 0
1790450418 rss_kb=59472 running 272749 500000 580.86 64 0
1790450423 rss_kb=59472 running 275596 500000 580.67 64 0
1790450428 rss_kb=59520 running 277807 500000 579.17 64 0
1790450433 rss_kb=59536 running 280907 500000 579.55 64 0
1790450438 rss_kb=59536 running 284195 500000 580.29 64 0
1790450443 rss_kb=59536 running 287334 500000 580.72 64 0
1790450448 rss_kb=59536 running 290251 500000 580.71 64 0
1790450453 rss_kb=59536 running 293404 500000 581.16 64 0
1790450458 rss_kb=59552 running 296395 500000 581.28 64 0
1790450463 rss_kb=59552 running 299613 500000 581.84 64 0
1790450468 rss_kb=59504 running 302440 500000 581.64 64 0
1790450473 rss_kb=59552 running 305064 500000 581.04 64 0
1790450478 rss_kb=59552 running 307357 500000 579.84 64 0
1790450483 rss_kb=59552 running 310076 500000 579.47 64 0
1790450488 rss_kb=59568 running 313150 500000 579.74 64 0
1790450493 rss_kb=59568 running 315979 500000 579.58 64 0
1790450498 rss_kb=59568 running 319280 500000 580.27 64 0
1790450503 rss_kb=59568 running 322518 500000 580.83 64 0
1790450508 rss_kb=59568 running 325496 500000 580.92 64 0
1790450513 rss_kb=59584 running 328431 500000 580.93 64 0
1790450518 rss_kb=59584 running 331470 500000 581.13 64 0
1790450523 rss_kb=59584 running 334264 500000 580.89 64 0
1790450528 rss_kb=59584 running 336940 500000 580.46 64 0
1790450533 rss_kb=59584 running 339634 500000 580.05 64 0
1790450539 rss_kb=59584 running 342551 500000 580.02 64 0
1790450544 rss_kb=59600 running 345138 500000 579.46 64 0
1790450549 rss_kb=59600 running 347865 500000 579.13 64 0
1790450554 rss_kb=59600 running 350978 500000 579.45 64 0
1790450559 rss_kb=59600 running 354213 500000 579.97 64 0
1790450564 rss_kb=59600 running 357530 500000 580.61 64 0
1790450569 rss_kb=59600 running 359708 500000 579.39 64 0
1790450574 rss_kb=59616 running 362241 500000 578.77 64 0
1790450579 rss_kb=59616 running 365015 500000 578.54 64 0
1790450584 rss_kb=59600 running 367896 500000 578.48 64 0
1790450589 rss_kb=59600 running 371073 500000 578.88 64 0
1790450594 rss_kb=59600 running 373094 500000 577.5 64 0
1790450599 rss_kb=59600 running 376200 500000 577.79 64 0
1790450604 rss_kb=59616 running 379301 500000 578.08 64 0
1790450609 rss_kb=59616 running 382566 500000 578.62 64 0
1790450614 rss_kb=59616 running 385902 500000 579.25 64 0
1790450619 rss_kb=59616 running 388956 500000 579.45 64 0
1790450624 rss_kb=59616 running 392072 500000 579.73 64 0
1790450629 rss_kb=59632 running 395470 500000 580.44 64 0
1790450634 rss_kb=59632 running 398678 500000 580.85 64 0
1790450639 rss_kb=59648 running 401205 500000 580.27 64 0
1790450644 rss_kb=59376 running 403957 500000 580.01 64 0
1790450649 rss_kb=59376 running 407058 500000 580.27 64 0
1790450654 rss_kb=59392 running 410061 500000 580.38 64 0
1790450660 rss_kb=59408 running 413066 500000 580.49 64 0
1790450665 rss_kb=59408 running 416356 500000 581.0 64 0
1790450670 rss_kb=59408 running 418818 500000 580.36 64 0
1790450675 rss_kb=59296 running 422056 500000 580.78 64 0
1790450680 rss_kb=59296 running 423927 500000 579.33 64 0
1790450685 rss_kb=59312 running 426685 500000 579.1 64 0
1790450690 rss_kb=59312 running 429580 500000 579.07 64 0
1790450695 rss_kb=59312 running 432984 500000 579.72 64 0
1790450700 rss_kb=59312 running 436336 500000 580.29 64 0
1790450705 rss_kb=59312 running 438993 500000 579.93 64 0
1790450710 rss_kb=59312 running 441696 500000 579.64 64 0
1790450715 rss_kb=59328 running 444354 500000 579.3 64 0
1790450720 rss_kb=59328 running 446655 500000 578.49 64 0
1790450725 rss_kb=59328 running 449309 500000 578.15 64 0
1790450730 rss_kb=59328 running 452334 500000 578.3 64 0
1790450735 rss_kb=59328 running 455487 500000 578.6 64 0
1790450740 rss_kb=59344 running 458665 500000 578.93 64 0
1790450745 rss_kb=59344 running 461241 500000 578.5 64 0
1790450750 rss_kb=59360 running 463165 500000 577.26 64 0
1790450755 rss_kb=59360 running 466093 500000 577.28 64 0
1790450760 rss_kb=59360 running 469445 500000 577.83 64 0
1790450765 rss_kb=59392 running 472221 500000 577.66 64 0
1790450770 rss_kb=59408 running 475190 500000 577.73 64 0
1790450776 rss_kb=59408 running 478146 500000 577.78 64 0
1790450781 rss_kb=59408 running 480546 500000 577.16 64 0
1790450786 rss_kb=59408 running 482631 500000 576.17 64 0
1790450791 rss_kb=59408 running 484893 500000 575.41 64 0
1790450796 rss_kb=59408 running 488000 500000 575.65 64 0
1790450801 rss_kb=59408 running 490870 500000 575.61 64 0
1790450806 rss_kb=59424 running 493298 500000 575.06 64 0
1790450811 rss_kb=59424 running 495866 500000 574.68 64 0
1790450816 rss_kb=59600 running 499154 500000 575.13 64 0
1790450821 rss_kb=59616 completed 500000 500000 574.77 64 0
